Master Full-Stack Docker & CI/CD - Build a Production-Ready Pipeline